v ATLAS
# This file was created by ATLAS version 5.28.1.R on Sun Apr 26 23:22:19 2026.
#SSF 2.0 generic
##############################################################################
#                    Copyright (c) 1984 - 2019                               #
#                    Silvaco Inc. All rights reserved                        #
#                                                                            #
# This file format and the following Key are copyright Silvaco Inc.          #
# You may not use, this format or key without reproducing this message in    #
# full and obtaining express written permission from Silvaco Inc.            #
#                                                                            #
# To obtain such permission please contact: Silvaco Inc.                     #
#                                           support@silvaco.com              #
#                                                                            #
# KEY=SVC86hn7562asdx                       PROD=345                         #
##############################################################################
y 1 15
z 300
f 4 "substrate" "Gate" "Source" "Drain" 
p 12 2 601 20 3 602 21 4 603 22 5 604 23 
d 0.000000000e+000 0.000000000e+000 -1.125421067e-021 1.000000000e+000 1.000000000e+000 0.000000000e+000 0.000000000e+000 0.000000000e+000 -1.344575578e-017 0.000000000e+000 0.000000000e+000 5.349591195e-017 
d 0.000000000e+000 0.000000000e+000 -5.125253326e-006 1.000000000e+000 1.000000000e+000 0.000000000e+000 0.000000000e+000 0.000000000e+000 -1.448073629e-005 3.750000000e-002 3.750000000e-002 1.960598962e-005 
d 0.000000000e+000 0.000000000e+000 -8.521270331e-006 1.000000000e+000 1.000000000e+000 0.000000000e+000 0.000000000e+000 0.000000000e+000 -2.812051783e-005 7.500000000e-002 7.500000000e-002 3.664178821e-005 
d 0.000000000e+000 0.000000000e+000 -1.201912132e-005 1.000000000e+000 1.000000000e+000 0.000000000e+000 0.000000000e+000 0.000000000e+000 -5.148091046e-005 1.500000000e-001 1.500000000e-001 6.350003178e-005 
d 0.000000000e+000 0.000000000e+000 -1.448878767e-005 1.000000000e+000 1.000000000e+000 0.000000000e+000 0.000000000e+000 0.000000000e+000 -8.251279337e-005 3.000000000e-001 3.000000000e-001 9.700158104e-005 
d 0.000000000e+000 0.000000000e+000 -1.606724441e-005 1.000000000e+000 1.000000000e+000 0.000000000e+000 0.000000000e+000 0.000000000e+000 -1.192480491e-004 6.000000000e-001 6.000000000e-001 1.353152935e-004 
d 0.000000000e+000 0.000000000e+000 -1.687376377e-005 1.000000000e+000 1.000000000e+000 0.000000000e+000 0.000000000e+000 0.000000000e+000 -1.483261598e-004 9.000000000e-001 9.000000000e-001 1.651999235e-004 
d 0.000000000e+000 0.000000000e+000 -1.748959778e-005 1.000000000e+000 1.000000000e+000 0.000000000e+000 0.000000000e+000 0.000000000e+000 -1.743570640e-004 1.200000000e+000 1.200000000e+000 1.918466618e-004 
d 0.000000000e+000 0.000000000e+000 -1.802671954e-005 1.000000000e+000 1.000000000e+000 0.000000000e+000 0.000000000e+000 0.000000000e+000 -1.985080270e-004 1.500000000e+000 1.500000000e+000 2.165347465e-004 
d 0.000000000e+000 0.000000000e+000 -1.851648203e-005 1.000000000e+000 1.000000000e+000 0.000000000e+000 0.000000000e+000 0.000000000e+000 -2.213145402e-004 1.800000000e+000 1.800000000e+000 2.398310222e-004 
d 0.000000000e+000 0.000000000e+000 -1.897075768e-005 1.000000000e+000 1.000000000e+000 0.000000000e+000 0.000000000e+000 0.000000000e+000 -2.430656517e-004 2.100000000e+000 2.100000000e+000 2.620364094e-004 
d 0.000000000e+000 0.000000000e+000 -1.939675697e-005 1.000000000e+000 1.000000000e+000 0.000000000e+000 0.000000000e+000 0.000000000e+000 -2.639789254e-004 2.400000000e+000 2.400000000e+000 2.833756824e-004 
d 0.000000000e+000 0.000000000e+000 -1.979883415e-005 1.000000000e+000 1.000000000e+000 0.000000000e+000 0.000000000e+000 0.000000000e+000 -2.842087844e-004 2.700000000e+000 2.700000000e+000 3.040076185e-004 
d 0.000000000e+000 0.000000000e+000 -2.017944010e-005 1.000000000e+000 1.000000000e+000 0.000000000e+000 0.000000000e+000 0.000000000e+000 -3.038499095e-004 3.000000000e+000 3.000000000e+000 3.240293496e-004 
d 0.000000000e+000 0.000000000e+000 -2.054007482e-005 1.000000000e+000 1.000000000e+000 0.000000000e+000 0.000000000e+000 0.000000000e+000 -3.229702503e-004 3.300000000e+000 3.300000000e+000 3.435103251e-004 
