v ATLAS
# This file was created by ATLAS version 5.28.1.R on Sun Apr 26 23:22:37 2026.
#SSF 2.0 generic
##############################################################################
#                    Copyright (c) 1984 - 2019                               #
#                    Silvaco Inc. All rights reserved                        #
#                                                                            #
# This file format and the following Key are copyright Silvaco Inc.          #
# You may not use, this format or key without reproducing this message in    #
# full and obtaining express written permission from Silvaco Inc.            #
#                                                                            #
# To obtain such permission please contact: Silvaco Inc.                     #
#                                           support@silvaco.com              #
#                                                                            #
# KEY=SVC86hn7562asdx                       PROD=345                         #
##############################################################################
y 1 15
z 300
f 4 "substrate" "Gate" "Source" "Drain" 
p 12 2 601 20 3 602 21 4 603 22 5 604 23 
d 0.000000000e+000 0.000000000e+000 2.285702336e-022 2.000000000e+000 2.000000000e+000 0.000000000e+000 0.000000000e+000 0.000000000e+000 4.005002312e-017 0.000000000e+000 0.000000000e+000 8.020461681e-017 
d 0.000000000e+000 0.000000000e+000 -5.129265598e-006 2.000000000e+000 2.000000000e+000 0.000000000e+000 0.000000000e+000 0.000000000e+000 -2.067002914e-005 3.750000000e-002 3.750000000e-002 2.579929474e-005 
d 0.000000000e+000 0.000000000e+000 -8.535790456e-006 2.000000000e+000 2.000000000e+000 0.000000000e+000 0.000000000e+000 0.000000000e+000 -4.049581670e-005 7.500000000e-002 7.500000000e-002 4.903160720e-005 
d 0.000000000e+000 0.000000000e+000 -1.206180536e-005 2.000000000e+000 2.000000000e+000 0.000000000e+000 0.000000000e+000 0.000000000e+000 -7.585346557e-005 1.500000000e-001 1.500000000e-001 8.791527093e-005 
d 0.000000000e+000 0.000000000e+000 -1.458355328e-005 2.000000000e+000 2.000000000e+000 0.000000000e+000 0.000000000e+000 0.000000000e+000 -1.257969955e-004 3.000000000e-001 3.000000000e-001 1.403805488e-004 
d 0.000000000e+000 0.000000000e+000 -1.620870044e-005 2.000000000e+000 2.000000000e+000 0.000000000e+000 0.000000000e+000 0.000000000e+000 -1.757404365e-004 6.000000000e-001 6.000000000e-001 1.919491369e-004 
d 0.000000000e+000 0.000000000e+000 -1.702930929e-005 2.000000000e+000 2.000000000e+000 0.000000000e+000 0.000000000e+000 0.000000000e+000 -2.084782236e-004 9.000000000e-001 9.000000000e-001 2.255075329e-004 
d 0.000000000e+000 0.000000000e+000 -1.765173748e-005 2.000000000e+000 2.000000000e+000 0.000000000e+000 0.000000000e+000 0.000000000e+000 -2.365108235e-004 1.200000000e+000 1.200000000e+000 2.541625610e-004 
d 0.000000000e+000 0.000000000e+000 -1.819135079e-005 2.000000000e+000 2.000000000e+000 0.000000000e+000 0.000000000e+000 0.000000000e+000 -2.619787312e-004 1.500000000e+000 1.500000000e+000 2.801700820e-004 
d 0.000000000e+000 0.000000000e+000 -1.868114423e-005 2.000000000e+000 2.000000000e+000 0.000000000e+000 0.000000000e+000 0.000000000e+000 -2.857339965e-004 1.800000000e+000 1.800000000e+000 3.044151407e-004 
d 0.000000000e+000 0.000000000e+000 -1.913403064e-005 2.000000000e+000 2.000000000e+000 0.000000000e+000 0.000000000e+000 0.000000000e+000 -3.082098678e-004 2.100000000e+000 2.100000000e+000 3.273438984e-004 
d 0.000000000e+000 0.000000000e+000 -1.955754407e-005 2.000000000e+000 2.000000000e+000 0.000000000e+000 0.000000000e+000 0.000000000e+000 -3.296911049e-004 2.400000000e+000 2.400000000e+000 3.492486490e-004 
d 0.000000000e+000 0.000000000e+000 -1.995639167e-005 2.000000000e+000 2.000000000e+000 0.000000000e+000 0.000000000e+000 0.000000000e+000 -3.503812310e-004 2.700000000e+000 2.700000000e+000 3.703376226e-004 
d 0.000000000e+000 0.000000000e+000 -2.033331946e-005 2.000000000e+000 2.000000000e+000 0.000000000e+000 0.000000000e+000 0.000000000e+000 -3.704044865e-004 3.000000000e+000 3.000000000e+000 3.907378060e-004 
d 0.000000000e+000 0.000000000e+000 -2.069000307e-005 2.000000000e+000 2.000000000e+000 0.000000000e+000 0.000000000e+000 0.000000000e+000 -3.898498355e-004 3.300000000e+000 3.300000000e+000 4.105398385e-004 
