v ATLAS
# This file was created by ATLAS version 5.28.1.R on Sun Apr 26 23:22:50 2026.
#SSF 2.0 generic
##############################################################################
#                    Copyright (c) 1984 - 2019                               #
#                    Silvaco Inc. All rights reserved                        #
#                                                                            #
# This file format and the following Key are copyright Silvaco Inc.          #
# You may not use, this format or key without reproducing this message in    #
# full and obtaining express written permission from Silvaco Inc.            #
#                                                                            #
# To obtain such permission please contact: Silvaco Inc.                     #
#                                           support@silvaco.com              #
#                                                                            #
# KEY=SVC86hn7562asdx                       PROD=345                         #
##############################################################################
y 1 15
z 300
f 4 "substrate" "Gate" "Source" "Drain" 
p 12 2 601 20 3 602 21 4 603 22 5 604 23 
d 0.000000000e+000 0.000000000e+000 -1.097436274e-021 5.000000000e+000 5.000000000e+000 0.000000000e+000 0.000000000e+000 0.000000000e+000 -6.814429829e-018 0.000000000e+000 0.000000000e+000 6.688897091e-017 
d 0.000000000e+000 0.000000000e+000 -5.137634880e-006 5.000000000e+000 5.000000000e+000 0.000000000e+000 0.000000000e+000 0.000000000e+000 -3.485964899e-005 3.750000000e-002 3.750000000e-002 3.999728387e-005 
d 0.000000000e+000 0.000000000e+000 -8.566228366e-006 5.000000000e+000 5.000000000e+000 0.000000000e+000 0.000000000e+000 0.000000000e+000 -6.892425090e-005 7.500000000e-002 7.500000000e-002 7.749047932e-005 
d 0.000000000e+000 0.000000000e+000 -1.215143459e-005 5.000000000e+000 5.000000000e+000 0.000000000e+000 0.000000000e+000 0.000000000e+000 -1.326310592e-004 1.500000000e-001 1.500000000e-001 1.447824938e-004 
d 0.000000000e+000 0.000000000e+000 -1.478875853e-005 5.000000000e+000 5.000000000e+000 0.000000000e+000 0.000000000e+000 0.000000000e+000 -2.346165871e-004 3.000000000e-001 3.000000000e-001 2.494053456e-004 
d 0.000000000e+000 0.000000000e+000 -1.656940357e-005 5.000000000e+000 5.000000000e+000 0.000000000e+000 0.000000000e+000 0.000000000e+000 -3.437947917e-004 6.000000000e-001 6.000000000e-001 3.603641953e-004 
d 0.000000000e+000 0.000000000e+000 -1.744667870e-005 5.000000000e+000 5.000000000e+000 0.000000000e+000 0.000000000e+000 0.000000000e+000 -3.933168108e-004 9.000000000e-001 9.000000000e-001 4.107634895e-004 
d 0.000000000e+000 0.000000000e+000 -1.809183892e-005 5.000000000e+000 5.000000000e+000 0.000000000e+000 0.000000000e+000 0.000000000e+000 -4.280966866e-004 1.200000000e+000 1.200000000e+000 4.461885256e-004 
d 0.000000000e+000 0.000000000e+000 -1.864235695e-005 5.000000000e+000 5.000000000e+000 0.000000000e+000 0.000000000e+000 0.000000000e+000 -4.576334150e-004 1.500000000e+000 1.500000000e+000 4.762757719e-004 
d 0.000000000e+000 0.000000000e+000 -1.913580001e-005 5.000000000e+000 5.000000000e+000 0.000000000e+000 0.000000000e+000 0.000000000e+000 -4.842310787e-004 1.800000000e+000 1.800000000e+000 5.033668787e-004 
d 0.000000000e+000 0.000000000e+000 -1.958778822e-005 5.000000000e+000 5.000000000e+000 0.000000000e+000 0.000000000e+000 0.000000000e+000 -5.088535194e-004 2.100000000e+000 2.100000000e+000 5.284413076e-004 
d 0.000000000e+000 0.000000000e+000 -2.000723258e-005 5.000000000e+000 5.000000000e+000 0.000000000e+000 0.000000000e+000 0.000000000e+000 -5.320312267e-004 2.400000000e+000 2.400000000e+000 5.520384592e-004 
d 0.000000000e+000 0.000000000e+000 -2.039956873e-005 5.000000000e+000 5.000000000e+000 0.000000000e+000 0.000000000e+000 0.000000000e+000 -5.541003134e-004 2.700000000e+000 2.700000000e+000 5.744998821e-004 
d 0.000000000e+000 0.000000000e+000 -2.076839481e-005 5.000000000e+000 5.000000000e+000 0.000000000e+000 0.000000000e+000 0.000000000e+000 -5.752774132e-004 3.000000000e+000 3.000000000e+000 5.960458080e-004 
d 0.000000000e+000 0.000000000e+000 -2.111603015e-005 5.000000000e+000 5.000000000e+000 0.000000000e+000 0.000000000e+000 0.000000000e+000 -5.957048618e-004 3.300000000e+000 3.300000000e+000 6.168208920e-004 
